Generated by: lqns, version 5.17
Copyright the Real-Time and Distributed Systems Group,
Department of Systems and Computer Engineering
Carleton University, Ottawa, Ontario, Canada. K1S 5B6

Invoked as: lqns --pragma= cycles=yes /home/peo/git/sealab/easier/easier-uml2lqnCaseStudy/cocome/simplified_cocome/output.xml
Input:  /home/peo/git/sealab/easier/easier-uml2lqnCaseStudy/cocome/simplified_cocome/output.xml
Fri Nov 19 09:11:38 2021

Comment: 

Convergence test value: 6.13602e-06
Number of iterations:   10

Pragma:
    cycles=yes

Solver: shelby Linux 5.11.0-31-generic
    User:        0:00:00.037
    Elapsed:     0:00:00.037


    Submodels:  4
    MVA Core():           40
    MVA Step():         1046
    MVA Wait():  3.17334e+06

Processor identifiers and scheduling algorithms:

Processor Name  Type    Copies  Scheduling
CashBox         Uni       1     FCFS
BarCodeScanner  Uni       1     FCFS
EnterpriseClient Uni       1     FCFS
StoreServer     Uni       1     FCFS
EnterpriseServer Uni       1     FCFS
CashDeskPC      Uni       1     FCFS
Printer         Uni       1     FCFS
LightDisplay    Uni       1     FCFS


Task information:

Task Name       Type    Copies  Processor Name  Pri Entry List
CashBoxController Uni       1     CashBox         0   cashBoxBes0
ScannerController Uni       1     BarCodeScanner  0   scannerBes0
GUIStore        Uni       1     EnterpriseClient 0   guiStoreBes
GUIReporting    Uni       1     EnterpriseClient 0   guiReportingBES
StockManager    Ref(1)    1     EnterpriseClient 0   stockManagerBes
EnterpriseManager Ref(1)    1     EnterpriseClient 0   enterpriseManagerBES
Inventory       Uni       1     StoreServer     0   inventoryBes0
AppStore        Uni       1     StoreServer     0   appStoreBes
Persistence     Uni       1     EnterpriseServer 0   persistenceBes, PersistenceBesSSR
Enterprise      Uni       1     EnterpriseServer 0   getEnterprise_bes0, getEnterprise_bes1
DataStore       Uni       1     EnterpriseServer 0   dataStoreBes1, dataStoreBes0
Reporting       Uni       1     EnterpriseServer 0   appReportingBes
CashDeskApplication Uni       1     CashDeskPC      0   cashDeskBes1, cashDeskBesStart, stopSaleBes
Cashier         Ref(1)    1     CashDeskPC      0   cashierBes0, CashierBes2, cashierBes1
PrinterController Uni       1     Printer         0   printerDeskBesStart, printerBes1
CashDeskGUI     Uni       1     LightDisplay    0   guiBes0, guiBes1


Entry execution demands:

Task Name       Entry Name      Phase 1     
CashBoxController cashBoxBes0     1           
ScannerController scannerBes0     1           
GUIStore        guiStoreBes     1           
GUIReporting    guiReportingBES 1           
StockManager    stockManagerBes 1           
EnterpriseManager enterpriseManagerBES 1           
Inventory       inventoryBes0   1           
AppStore        appStoreBes     1           
Persistence     persistenceBes  1           
                PersistenceBesSSR 1           
Enterprise      getEnterprise_bes0 1           
                getEnterprise_bes1 1           
DataStore       dataStoreBes1   1           
                dataStoreBes0   1           
Reporting       appReportingBes 1           
CashDeskApplication cashDeskBes1    1           
                cashDeskBesStart 1           
                stopSaleBes     1           
Cashier         cashierBes0     1           
                CashierBes2     1           
                cashierBes1     1           
PrinterController printerDeskBesStart 1           
                printerBes1     1           
CashDeskGUI     guiBes0         1           
                guiBes1         1           


Mean number of rendezvous from entry to entry:

Task Name       Source Entry    Target Entry    Phase 1     
CashBoxController cashBoxBes0     cashDeskBesStart 1           
                cashBoxBes0     printerDeskBesStart 1           
                cashBoxBes0     guiBes0         1           
ScannerController scannerBes0     cashDeskBes1    1           
GUIStore        guiStoreBes     appStoreBes     1           
GUIReporting    guiReportingBES appReportingBes 1           
StockManager    stockManagerBes guiStoreBes     1           
EnterpriseManager enterpriseManagerBES guiReportingBES 1           
AppStore        appStoreBes     persistenceBes  1           
                appStoreBes     dataStoreBes0   1           
                appStoreBes     dataStoreBes1   1           
Reporting       appReportingBes PersistenceBesSSR 1           
                appReportingBes getEnterprise_bes0 1           
                appReportingBes getEnterprise_bes1 1           
CashDeskApplication cashDeskBes1    inventoryBes0   1           
                cashDeskBes1    printerBes1     1           
                cashDeskBes1    guiBes1         1           
Cashier         cashierBes0     cashBoxBes0     1           
                CashierBes2     stopSaleBes     1           
                cashierBes1     scannerBes0     1           


Phase type flags:
All phases are stochastic.


Squared coefficient of variation of execution segments:
All executable segments are exponential.


Open arrival rates per entry:
All open arrival rates are 0.


Type 1 throughput bounds: 

Task Name       Entry Name      Throughput  
CashBoxController cashBoxBes0     0.25        
ScannerController scannerBes0     0.2         
GUIStore        guiStoreBes     0.2         
GUIReporting    guiReportingBES 0.2         
StockManager    stockManagerBes 0.166667    
EnterpriseManager enterpriseManagerBES 0.166667    
Inventory       inventoryBes0   1           
AppStore        appStoreBes     0.25        
Persistence     persistenceBes  1           
                PersistenceBesSSR 1           
Enterprise      getEnterprise_bes0 1           
                getEnterprise_bes1 1           
DataStore       dataStoreBes1   1           
                dataStoreBes0   1           
Reporting       appReportingBes 0.25        
CashDeskApplication cashDeskBes1    0.25        
                cashDeskBesStart 1           
                stopSaleBes     1           
Cashier         cashierBes0     0.2         
                CashierBes2     0.5         
                cashierBes1     0.166667    
PrinterController printerDeskBesStart 1           
                printerBes1     1           
CashDeskGUI     guiBes0         1           
                guiBes1         1           


Mean delay for a rendezvous:

Task Name       Source Entry    Target Entry    Phase 1     
CashBoxController cashBoxBes0     cashDeskBesStart 0           
                cashBoxBes0     printerDeskBesStart 0.0758539   
                cashBoxBes0     guiBes0         0.0758539   
ScannerController scannerBes0     cashDeskBes1    0           
GUIStore        guiStoreBes     appStoreBes     0           
GUIReporting    guiReportingBES appReportingBes 0           
StockManager    stockManagerBes guiStoreBes     0           
EnterpriseManager enterpriseManagerBES guiReportingBES 0           
AppStore        appStoreBes     persistenceBes  0.157378    
                appStoreBes     dataStoreBes0   0           
                appStoreBes     dataStoreBes1   0           
Reporting       appReportingBes PersistenceBesSSR 0.203407    
                appReportingBes getEnterprise_bes0 0           
                appReportingBes getEnterprise_bes1 0           
CashDeskApplication cashDeskBes1    inventoryBes0   0           
                cashDeskBes1    printerBes1     0           
                cashDeskBes1    guiBes1         0           
Cashier         cashierBes0     cashBoxBes0     0           
                CashierBes2     stopSaleBes     0           
                cashierBes1     scannerBes0     0           


Service times:

Task Name       Entry Name      Phase 1     
CashBoxController cashBoxBes0     4.15171     
ScannerController scannerBes0     5.03153     
GUIStore        guiStoreBes     6.94683     
GUIReporting    guiReportingBES 9.39061     
StockManager    stockManagerBes 8.23181     
EnterpriseManager enterpriseManagerBES 10.7075     
Inventory       inventoryBes0   1.03153     
AppStore        appStoreBes     5.66183     
Persistence     persistenceBes  1.42215     
                PersistenceBesSSR 1.42215     
Enterprise      getEnterprise_bes0 1.45543     
                getEnterprise_bes1 1.45543     
DataStore       dataStoreBes1   1.38914     
                dataStoreBes0   1.38914     
Reporting       appReportingBes 8.07351     
CashDeskApplication cashDeskBes1    4.03153     
                cashDeskBesStart 1           
                stopSaleBes     1           
Cashier         cashierBes0     5.15171     
                CashierBes2     2           
                cashierBes1     6.03153     
PrinterController printerDeskBesStart 1           
                printerBes1     1           
CashDeskGUI     guiBes0         1           
                guiBes1         1           


Service time variance (per phase)
and squared coefficient of variation (over all phases):

Task Name       Entry Name      Phase 1     coeff of var **2
CashBoxController cashBoxBes0     13.4181     0.77846     
ScannerController scannerBes0     54.3552     2.14704     
GUIStore        guiStoreBes     102.838     2.13098     
GUIReporting    guiReportingBES 193.036     2.18903     
StockManager    stockManagerBes 218.574     3.22558     
EnterpriseManager enterpriseManagerBES 395.547     3.45        
Inventory       inventoryBes0   1.00099     0.940728    
AppStore        appStoreBes     22.808      0.711497    
Persistence     persistenceBes  1.17821     0.582548    
                PersistenceBesSSR 1.17821     0.582548    
Enterprise      getEnterprise_bes0 1.20742     0.569999    
                getEnterprise_bes1 1.20742     0.569999    
DataStore       dataStoreBes1   1.15143     0.596685    
                dataStoreBes0   1.15143     0.596685    
Reporting       appReportingBes 39.989      0.613502    
CashDeskApplication cashDeskBes1    12.7857     0.786651    
                cashDeskBesStart 1           1           
                stopSaleBes     1           1           
Cashier         cashierBes0     57.1948     2.15504     
                CashierBes2     6           1.5         
                cashierBes1     116.051     3.19002     
PrinterController printerDeskBesStart 1           1           
                printerBes1     1           1           
CashDeskGUI     guiBes0         1           1           
                guiBes1         1           1           


Throughputs and utilizations per phase:

Task Name       Entry Name      Throughput  Phase 1     Total       
CashBoxController cashBoxBes0     0.0758539   0.314923    0.314923
ScannerController scannerBes0     0.0758539   0.381661    0.381661
GUIStore        guiStoreBes     0.12148     0.843898    0.843898
GUIReporting    guiReportingBES 0.0933915   0.877003    0.877003
StockManager    stockManagerBes 0.12148     1           1
EnterpriseManager enterpriseManagerBES 0.0933922   1           1
Inventory       inventoryBes0   0.0758539   0.0782459   0.0782459
AppStore        appStoreBes     0.121479    0.687795    0.687795
Persistence     persistenceBes  0.121479    0.172762    0.172762
                PersistenceBesSSR 0.0933895   0.132814    0.132814
Total:                          0.214869    0.305576    0.305576
Enterprise      getEnterprise_bes0 0.0933895   0.135922    0.135922
                getEnterprise_bes1 0.0933895   0.135922    0.135922
Total:                          0.186779    0.271844    0.271844
DataStore       dataStoreBes1   0.121479    0.168752    0.168752
                dataStoreBes0   0.121479    0.168752    0.168752
Total:                          0.242958    0.337503    0.337503
Reporting       appReportingBes 0.0933899   0.753984    0.753984
CashDeskApplication cashDeskBes1    0.0758539   0.305808    0.305808
                cashDeskBesStart 0.0758539   0.0758539   0.0758539
                stopSaleBes     0.0758539   0.0758539   0.0758539
Total:                          0.227562    0.457515    0.457515
Cashier         cashierBes0     0.0758539   0.390777    0.390777
                CashierBes2     0.0758539   0.151708    0.151708
                cashierBes1     0.0758539   0.457515    0.457515
Total:                          0.227562    1           1
PrinterController printerDeskBesStart 0.0758539   0.0758539   0.0758539
                printerBes1     0.0758539   0.0758539   0.0758539
Total:                          0.151708    0.151708    0.151708
CashDeskGUI     guiBes0         0.0758539   0.0758539   0.0758539
                guiBes1         0.0758539   0.0758539   0.0758539
Total:                          0.151708    0.151708    0.151708


Utilization and waiting per phase for processor:  CashBox

Task Name       Pri n   Entry Name      Utilization Phase 1     
CashBoxController 0   1   cashBoxBes0     0.0758539   0           


Utilization and waiting per phase for processor:  BarCodeScanner

Task Name       Pri n   Entry Name      Utilization Phase 1     
ScannerController 0   1   scannerBes0     0.0758539   0           


Utilization and waiting per phase for processor:  EnterpriseClient

Task Name       Pri n   Entry Name      Utilization Phase 1     
GUIStore        0   1   guiStoreBes     0.12148     0.285007    
GUIReporting    0   1   guiReportingBES 0.0933915   0.317167    
StockManager    0   1   stockManagerBes 0.12148     0.285007    
EnterpriseManager 0   1   enterpriseManagerBES 0.0933922   0.317164    
Processor Total:                        0.429743


Utilization and waiting per phase for processor:  StoreServer

Task Name       Pri n   Entry Name      Utilization Phase 1     
Inventory       0   1   inventoryBes0   0.0758539   0.0315344   
AppStore        0   1   appStoreBes     0.121479    0.304023    
Processor Total:                        0.197333


Utilization and waiting per phase for processor:  EnterpriseServer

Task Name       Pri n   Entry Name      Utilization Phase 1     
Persistence     0   1   persistenceBes  0.121479    0.422151    
                        PersistenceBesSSR 0.0933895   0.422151    
Task Total:                             0.214869    
Enterprise      0   1   getEnterprise_bes0 0.0933895   0.455431    
                        getEnterprise_bes1 0.0933895   0.455431    
Task Total:                             0.186779    
DataStore       0   1   dataStoreBes1   0.121479    0.389141    
                        dataStoreBes0   0.121479    0.389141    
Task Total:                             0.242958    
Reporting       0   1   appReportingBes 0.0933899   2.5371      
Processor Total:                        0.737996


Utilization and waiting per phase for processor:  CashDeskPC

Task Name       Pri n   Entry Name      Utilization Phase 1     
CashDeskApplication 0   1   cashDeskBes1    0.0758539   0           
                        cashDeskBesStart 0.0758539   0           
                        stopSaleBes     0.0758539   0           
Task Total:                             0.227562    
Cashier         0   1   cashierBes0     0.0758539   0           
                        CashierBes2     0.0758539   0           
                        cashierBes1     0.0758539   0           
Task Total:                             0.227562    
Processor Total:                        0.455123


Utilization and waiting per phase for processor:  Printer

Task Name       Pri n   Entry Name      Utilization Phase 1     
PrinterController 0   1   printerDeskBesStart 0.0758539   0           
                        printerBes1     0.0758539   0           
Task Total:                             0.151708    


Utilization and waiting per phase for processor:  LightDisplay

Task Name       Pri n   Entry Name      Utilization Phase 1     
CashDeskGUI     0   1   guiBes0         0.0758539   0           
                        guiBes1         0.0758539   0           
Task Total:                             0.151708    
