Generated by: lqns, version 5.17
Copyright the Real-Time and Distributed Systems Group,
Department of Systems and Computer Engineering
Carleton University, Ottawa, Ontario, Canada. K1S 5B6

Invoked as: lqns --pragma= cycles=yes /home/peo/git/sealab/easier/easier-uml2lqnCaseStudy/train-ticket/output.xml
Input:  /home/peo/git/sealab/easier/easier-uml2lqnCaseStudy/train-ticket/output.xml
Thu Oct 21 18:54:03 2021

Comment: 

Convergence test value: 0
Number of iterations:   2

Pragma:
    cycles=yes

Solver: shelby Linux 5.11.0-31-generic
    User:        0:00:00.002
    System:      0:00:00.001
    Elapsed:     0:00:00.003


    Submodels:  3
    MVA Core():            6
    MVA Step():           73
    MVA Wait():        71056

Processor identifiers and scheduling algorithms:

Processor Name  Type    Copies  Scheduling
container-rebook Uni       1     FCFS
container-order-other Uni       1     FCFS
container-sso   Uni       1     FCFS
container-login Uni       1     FCFS
container-admin-user Uni       1     FCFS
container-verification Uni       1     FCFS


Task information:

Task Name       Type    Copies  Processor Name  Pri Entry List
Rebook          Uni       1     container-rebook 0   rebook_bes
Order-other     Uni       1     container-order-other 0   getbyid_bes
Sso             Uni       1     container-sso   0   findall_bes, modify_bes
Login           Uni       1     container-login 0   bes_login
User            Ref(1)    1     container-login 0   user_rebook_bes, user_login-message_bes
Admin-user      Uni       1     container-admin-user 0   updateuser_bes
Admin           Ref(1)    1     container-admin-user 0   admin_update_user_bes
Verification    Uni       1     container-verification 0   generate_bes, verify_bes


Entry execution demands:

Task Name       Entry Name      Phase 1     
Rebook          rebook_bes      648         
Order-other     getbyid_bes     648         
Sso             findall_bes     34.5        
                modify_bes      0.875       
Login           bes_login       0.345       
User            user_rebook_bes 96          
                user_login-message_bes 12.3        
Admin-user      updateuser_bes  236.7       
Admin           admin_update_user_bes 0.875       
Verification    generate_bes    0.56        
                verify_bes      0.345       


Mean number of rendezvous from entry to entry:

Task Name       Source Entry    Target Entry    Phase 1     
Rebook          rebook_bes      getbyid_bes     2000        
Login           bes_login       generate_bes    1           
                bes_login       verify_bes      1           
User            user_rebook_bes rebook_bes      100         
                user_login-message_bes bes_login       100         
Admin           admin_update_user_bes findall_bes     100         
                admin_update_user_bes modify_bes      1           
                admin_update_user_bes updateuser_bes  300         


Phase type flags:
All phases are stochastic.


Squared coefficient of variation of execution segments:
All executable segments are exponential.


Open arrival rates per entry:
All open arrival rates are 0.


Type 1 throughput bounds: 

Task Name       Entry Name      Throughput  
Rebook          rebook_bes      7.71219e-07 
Order-other     getbyid_bes     0.00154321  
Sso             findall_bes     0.0289855   
                modify_bes      1.14286     
Login           bes_login       0.8         
User            user_rebook_bes 7.71219e-09 
                user_login-message_bes 0.00728332  
Admin-user      updateuser_bes  0.00422476  
Admin           admin_update_user_bes 1.34297e-05 
Verification    generate_bes    1.78571     
                verify_bes      2.89855     


Mean delay for a rendezvous:

Task Name       Source Entry    Target Entry    Phase 1     
Rebook          rebook_bes      getbyid_bes     0           
Login           bes_login       generate_bes    0           
                bes_login       verify_bes      0           
User            user_rebook_bes rebook_bes      0           
                user_login-message_bes bes_login       0           
Admin           admin_update_user_bes findall_bes     0           
                admin_update_user_bes modify_bes      0           
                admin_update_user_bes updateuser_bes  0           


Service times:

Task Name       Entry Name      Phase 1     
Rebook          rebook_bes      1.29665e+06 
Order-other     getbyid_bes     648         
Sso             findall_bes     34.5        
                modify_bes      0.875       
Login           bes_login       1.25        
User            user_rebook_bes 1.29665e+08 
                user_login-message_bes 137.3       
Admin-user      updateuser_bes  236.7       
Admin           admin_update_user_bes 74461.8     
Verification    generate_bes    0.56        
                verify_bes      0.345       


Service time variance (per phase)
and squared coefficient of variation (over all phases):

Task Name       Entry Name      Phase 1     coeff of var **2
Rebook          rebook_bes      1.68298e+12 1.001       
Order-other     getbyid_bes     419904      1           
Sso             findall_bes     1190.25     1           
                modify_bes      0.765625    1           
Login           bes_login       1.80675     1.15632     
User            user_rebook_bes 1.71494e+16 1.02001     
                user_login-message_bes 19188.2     1.01787     
Admin-user      updateuser_bes  56026.9     1           
Admin           admin_update_user_bes 5.08827e+09 0.917706    
Verification    generate_bes    0.3136      1           
                verify_bes      0.119025    1           


Throughputs and utilizations per phase:

Task Name       Entry Name      Throughput  Phase 1     Total       
Rebook          rebook_bes      7.71218e-07 0.999998    0.999998
Order-other     getbyid_bes     0.00154244  0.999498    0.999498
Sso             findall_bes     0.00134297  0.0463325   0.0463325
                modify_bes      1.34297e-05 1.1751e-05  1.1751e-05
Total:                          0.0013564   0.0463443   0.0463443
Login           bes_login       7.71218e-07 9.64022e-07 9.64022e-07
User            user_rebook_bes 7.71218e-09 0.999999    0.999999
                user_login-message_bes 7.71218e-09 1.05888e-06 1.05888e-06
Total:                          1.54244e-08 1           1
Admin-user      updateuser_bes  0.00402891  0.953644    0.953644
Admin           admin_update_user_bes 1.34297e-05 1           1
Verification    generate_bes    7.71218e-07 4.31882e-07 4.31882e-07
                verify_bes      7.71218e-07 2.6607e-07  2.6607e-07
Total:                          1.54244e-06 6.97952e-07 6.97952e-07


Utilization and waiting per phase for processor:  container-rebook

Task Name       Pri n   Entry Name      Utilization Phase 1     
Rebook          0   1   rebook_bes      0.000499749 0           


Utilization and waiting per phase for processor:  container-order-other

Task Name       Pri n   Entry Name      Utilization Phase 1     
Order-other     0   1   getbyid_bes     0.999498    0           


Utilization and waiting per phase for processor:  container-sso

Task Name       Pri n   Entry Name      Utilization Phase 1     
Sso             0   1   findall_bes     0.0463325   0           
                        modify_bes      1.1751e-05  0           
Task Total:                             0.0463443   


Utilization and waiting per phase for processor:  container-login

Task Name       Pri n   Entry Name      Utilization Phase 1     
Login           0   1   bes_login       2.6607e-07  0           
User            0   1   user_rebook_bes 7.40369e-07 0           
                        user_login-message_bes 9.48598e-08 0           
Task Total:                             8.35229e-07 
Processor Total:                        1.1013e-06


Utilization and waiting per phase for processor:  container-admin-user

Task Name       Pri n   Entry Name      Utilization Phase 1     
Admin-user      0   1   updateuser_bes  0.953644    0           
Admin           0   1   admin_update_user_bes 1.1751e-05  0           
Processor Total:                        0.953656


Utilization and waiting per phase for processor:  container-verification

Task Name       Pri n   Entry Name      Utilization Phase 1     
Verification    0   1   generate_bes    4.31882e-07 0           
                        verify_bes      2.6607e-07  0           
Task Total:                             6.97952e-07 
